/usr/libexec/virtiofsd not available: virtiofs disabled
Could not access KVM kernel module: No such file or directory
qemu-system-x86_64: failed to initialize kvm: No such file or directory
qemu-system-x86_64: falling back to tcg
No EFI environment detected.
early console in extract_kernel
input_data: 0x0000000006bb02c4
input_len: 0x00000000020f07f5
output: 0x0000000001000000
output_len: 0x00000000069b9f90
kernel_total_size: 0x0000000007cf3000
needed_size: 0x0000000007e00000
trampoline_32bit: 0x0000000000000000
Physical KASLR using RDTSC...
Virtual KASLR using RDTSC...

Decompressing Linux... Parsing ELF... Performing relocations... done.
Booting the kernel (entry_offset: 0x0000000005e2bc90).
[    0.000000] Linux version 7.3.0-rc2-g036d4119079a (root@vm) (gcc (Ubuntu 13.3.0-6ubuntu2~24.04.1) 13.3.0, GNU ld (GNU Binutils for Ubuntu) 2.42) #1 SMP PREEMPT_DYNAMIC Mon Oct  5 21:17:41 UTC 2026
[    0.000000] Command line: console=hvc0 earlyprintk=serial no_hash_pointers=1 rootfstype=9p rootflags=trans=virtio,version=9p2000.u acpi=off pci=noacpi noapic quiet ro init=/home/user/work/bluez/./tools/test-runner TESTHOME=/home/user/work/bluez TESTDBUS=0 TESTDAEMON=0 TESTDBUSSESSION=0 XDG_RUNTIME_DIR=/run/user/0 TESTMONITOR=0 TESTEMULATOR=0 TESTDEVS=0 TESTAUTO=0 TESTAUDIO='' TESTARGS='/home/user/work/bluez/tools/mesh-leak-check offline legacy'
[    0.000000] BIOS-provided physical RAM map:
[    0.000000] BIOS-e820: [mem 0x0000000000000000-0x000000000009fbff]  System RAM
[    0.000000] BIOS-e820: [mem 0x000000000009fc00-0x000000000009ffff]  device reserved
[    0.000000] BIOS-e820: [gap 0x00000000000a0000-0x00000000000effff]
[    0.000000] BIOS-e820: [mem 0x00000000000f0000-0x00000000000fffff]  device reserved
[    0.000000] BIOS-e820: [mem 0x0000000000100000-0x000000003ffdffff]  System RAM
[    0.000000] BIOS-e820: [mem 0x000000003ffe0000-0x000000003fffffff]  device reserved
[    0.000000] BIOS-e820: [gap 0x0000000040000000-0x00000000afffffff]
[    0.000000] BIOS-e820: [mem 0x00000000b0000000-0x00000000bfffffff]  device reserved
[    0.000000] BIOS-e820: [gap 0x00000000c0000000-0x00000000fed1bfff]
[    0.000000] BIOS-e820: [mem 0x00000000fed1c000-0x00000000fed1ffff]  device reserved
[    0.000000] BIOS-e820: [gap 0x00000000fed20000-0x00000000fffbffff]
[    0.000000] BIOS-e820: [mem 0x00000000fffc0000-0x00000000ffffffff]  device reserved
[    0.000000] BIOS-e820: [gap 0x0000000100000000-0x000000fcffffffff]
[    0.000000] BIOS-e820: [mem 0x000000fd00000000-0x000000ffffffffff]  device reserved
[    0.000000] printk: legacy bootconsole [earlyser0] enabled
[    0.000000] Hash pointers mode set to never.
Poking KASLR using RDTSC...
